# orion/internal/storage/sqlite
internal/storage/sqlite/persistence.go:7:2: "orion/ent/job" imported and not used
